"File: ThreeDidits7.c  Assembler  Version HGASM0202      Page 1


   1  0000              ; Generated by holtek-gcc v3.23, Sun Apr 26 09:17:56 2026
   2  0000              ; 
   3  0000              ; Configuration:
   4  0000              ;       with long instruction
   5  0000              ;       Multi-ROM, Multi-RAM
   6  0000              ;       bits_per_rom_unit:16
   7  0000              ;       with mp1
   8  0000              ;       with tbhp, address(0x9)
   9  0000              ;          Use tabrd-const
  10  0000              ;       
  11  0000              ; SFR address of long-instruction arch:
  12  0000              ;    mp0 = -1,1,0
  13  0000              ;    mp1 = 4,3,2
  14  0000              ;    mp2 = 14,13,12
  15  0000              ;    tbp = 9,7,8
  16  0000              ;    acc = 5
  17  0000              ;    pcl = 6
  18  0000              ;    status = 10
  19  0000              ;    bp = 11
  20  0000              ;    intc = 16
  21  0000              ;       
  22  0000              ;       
  23  0000              ; use 'tabrdc' instead of 'tabrd'
  24  0000              ;       
  25  0000              
  26  0000              #pragma translator "holtek-gcc 4.6.4" "3.23" "build 20130711"
  27  0000              ; Rebuild 1114
  28  0000              
  29  0000              ir equ [2]
  30  0000              mp equ [3]
  31  0000              sbp equ [4]
  32  0000              acc equ [5]
  33  0000              bp equ [11]
  34  0000              tblp equ [7]
  35  0000              tbhp equ [9]
  36  0000              status equ [10]
  37  0000              c equ [10].0
  38  0000              ac equ [10].1
  39  0000              z equ [10].2
  40  0000              ov equ [10].3
  41  0000              cz equ [10].6
  42  0000              sc equ [10].7
  43  0000              intc equ [16]
  44  0000              mduwr0 equ [59h]
  45  0000              mduwr1 equ [5ah]
  46  0000              mduwr2 equ [5bh]
  47  0000              mduwr3 equ [5ch]
  48  0000              mduwr4 equ [5dh]
  49  0000              mduwr5 equ [5eh]
  50  0000              mduwrctrl equ [5fh]
  51  0000              
  52  0000              extern ra:byte
  53  0000              extern rb:byte
  54  0000              extern rc:byte
  55  0000              extern rd:byte
  56  0000              extern re:byte
  57  0000              extern rf:byte
  58  0000              extern rg:byte
  59  0000              extern rh:byte
"File: ThreeDidits7.ASM  Assembler  Version HGASM0202      Page 2

  60  0000              extern _Crom2Prom:near
  61  0000              extern _Crom2PromNext:near
  62  0000              
  63  0000              RAMBANK 0 @BITDATASEC, @BITDATASEC1
  64  0000              @HCCINIT	.section 'data'
  65  0000              @HCCINIT0	.section 'data'
  66  0000              @BITDATASEC	 .section 'data'
  67  0000              @BITDATASEC1	 .section 'data'
  68  0000              
  69  0000              #pragma debug scope 1 1
  70  0000              	extern __DELAY3:near
  71  0000              	extern __DELAYX3:near
  72  0000              	extern __DELAYX6:near
  73  0000              	extern __DELAYY5:near
  74  0000              	extern __DELAYY3:near
  75  0000              	extern _builtin_holtek_delay_2:byte
  76  0000              public _delay10ms
  77  0000              #pragma debug scope 2 1

  46  0000              #line 46 "C:\Users\sin13\Documents\IoT_Learning_Journal\Learning-Portfolio\05_Micro-controller\U1 STD\ThreeDidits7.c"
  46  0000              _delay10ms .section 'code'
  46  0000              _delay10ms proc
  46  0000  00              local _delay10ms_2 db 1 dup(?)	; 0,1
  46  0000  0080     R  	mov _delay10ms_2[0],a
  46  0001              #pragma debug variable 8 2 _delay10ms_2+0 "delayCount"
  48  0001              #line 48 "C:\Users\sin13\Documents\IoT_Learning_Journal\Learning-Portfolio\05_Micro-controller\U1 STD\ThreeDidits7.c"
  48  0001  1F00     E  	clr ra
  48  0002  2800     R  	jmp _L2
  48  0003              _L3:
  49  0003              #line 49 "C:\Users\sin13\Documents\IoT_Learning_Journal\Learning-Portfolio\05_Micro-controller\U1 STD\ThreeDidits7.c"
  49  0003              ;# 49 "C:\Users\sin13\Documents\IoT_Learning_Journal\Learning-Portfolio\05_Micro-controller\U1 STD\ThreeDidits7.c" 1
  49  0003              	IF 20000>263690
  49  0003              ;# 49 "C:\Users\sin13\Documents\IoT_Learning_Journal\Learning-Portfolio\05_Micro-controller\U1 STD\ThreeDidits7.c" 1
  49  0003              	ERRMESSAGE 'the value 20000of the argument exceeds the maxinum 263690'
  49  0003              	ENDIF
  49  0003              ;# 49 "C:\Users\sin13\Documents\IoT_Learning_Journal\Learning-Portfolio\05_Micro-controller\U1 STD\ThreeDidits7.c" 1
  49  0003              	IF 20000<0
  49  0003              ;# 49 "C:\Users\sin13\Documents\IoT_Learning_Journal\Learning-Portfolio\05_Micro-controller\U1 STD\ThreeDidits7.c" 1
  49  0003              	ERRMESSAGE 'the value 20000 of the argument exceeds the mininum 0'
  49  0003              	ENDIF
  49  0003              ;# 49 "C:\Users\sin13\Documents\IoT_Learning_Journal\Learning-Portfolio\05_Micro-controller\U1 STD\ThreeDidits7.c" 1
  49  0003              	IF 20000==0
  49  0003              ;# 49 "C:\Users\sin13\Documents\IoT_Learning_Journal\Learning-Portfolio\05_Micro-controller\U1 STD\ThreeDidits7.c" 1
  49  0003              	JMP $
  49  0003              	ENDIF
  49  0003              ;# 49 "C:\Users\sin13\Documents\IoT_Learning_Journal\Learning-Portfolio\05_Micro-controller\U1 STD\ThreeDidits7.c" 1
  49  0003              	IF (20000>=1) AND (20000<( 4 + __PBP__ * 2))
  49  0003              ;# 49 "C:\Users\sin13\Documents\IoT_Learning_Journal\Learning-Portfolio\05_Micro-controller\U1 STD\ThreeDidits7.c" 1
  49  0003              	NOP
  49  0003              	ENDIF
  49  0003              ;# 49 "C:\Users\sin13\Documents\IoT_Learning_Journal\Learning-Portfolio\05_Micro-controller\U1 STD\ThreeDidits7.c" 1
  49  0003              	IF (20000>=2) AND (20000<( 4 + __PBP__ * 2))
  49  0003              ;# 49 "C:\Users\sin13\Documents\IoT_Learning_Journal\Learning-Portfolio\05_Micro-controller\U1 STD\ThreeDidits7.c" 1
  49  0003              	NOP
  49  0003              	ENDIF
  49  0003              ;# 49 "C:\Users\sin13\Documents\IoT_Learning_Journal\Learning-Portfolio\05_Micro-controller\U1 STD\ThreeDidits7.c" 1
  49  0003              	IF (20000>=3) AND (20000<( 4 + __PBP__ * 2))
  49  0003              ;# 49 "C:\Users\sin13\Documents\IoT_Learning_Journal\Learning-Portfolio\05_Micro-controller\U1 STD\ThreeDidits7.c" 1
  49  0003              	NOP
  49  0003              	ENDIF
"File: ThreeDidits7.c  Assembler  Version HGASM0202      Page 3

  49  0003              ;# 49 "C:\Users\sin13\Documents\IoT_Learning_Journal\Learning-Portfolio\05_Micro-controller\U1 STD\ThreeDidits7.c" 1
  49  0003              	IF (20000>=4) AND (20000<( 4 + __PBP__ * 2)) AND ( __PBP__ > 0 )
  49  0003              ;# 49 "C:\Users\sin13\Documents\IoT_Learning_Journal\Learning-Portfolio\05_Micro-controller\U1 STD\ThreeDidits7.c" 1
  49  0003              	NOP
  49  0003              	ENDIF
  49  0003              ;# 49 "C:\Users\sin13\Documents\IoT_Learning_Journal\Learning-Portfolio\05_Micro-controller\U1 STD\ThreeDidits7.c" 1
  49  0003              	IF (20000>=5) AND (20000<( 4 + __PBP__ * 2)) AND ( __PBP__ > 0 )
  49  0003              ;# 49 "C:\Users\sin13\Documents\IoT_Learning_Journal\Learning-Portfolio\05_Micro-controller\U1 STD\ThreeDidits7.c" 1
  49  0003              	NOP
  49  0003              	ENDIF
  49  0003              ;# 49 "C:\Users\sin13\Documents\IoT_Learning_Journal\Learning-Portfolio\05_Micro-controller\U1 STD\ThreeDidits7.c" 1
  49  0003              	IF (20000>=6) AND (20000<( 4 + __PBP__ * 2))  AND ( __PBP__ > 1 )
  49  0003              ;# 49 "C:\Users\sin13\Documents\IoT_Learning_Journal\Learning-Portfolio\05_Micro-controller\U1 STD\ThreeDidits7.c" 1
  49  0003              	NOP
  49  0003              	ENDIF
  49  0003              ;# 49 "C:\Users\sin13\Documents\IoT_Learning_Journal\Learning-Portfolio\05_Micro-controller\U1 STD\ThreeDidits7.c" 1
  49  0003              	IF (20000>=7) AND (20000<( 4 + __PBP__ * 2))  AND ( __PBP__ > 1 )
  49  0003              ;# 49 "C:\Users\sin13\Documents\IoT_Learning_Journal\Learning-Portfolio\05_Micro-controller\U1 STD\ThreeDidits7.c" 1
  49  0003              	NOP
  49  0003              	ENDIF
  49  0003              ;# 49 "C:\Users\sin13\Documents\IoT_Learning_Journal\Learning-Portfolio\05_Micro-controller\U1 STD\ThreeDidits7.c" 1
  49  0003              	IF (20000>=8) AND (20000<( 4 + __PBP__ * 2))  AND ( __PBP__ > 2 )
  49  0003              ;# 49 "C:\Users\sin13\Documents\IoT_Learning_Journal\Learning-Portfolio\05_Micro-controller\U1 STD\ThreeDidits7.c" 1
  49  0003              	NOP
  49  0003              	ENDIF
  49  0003              ;# 49 "C:\Users\sin13\Documents\IoT_Learning_Journal\Learning-Portfolio\05_Micro-controller\U1 STD\ThreeDidits7.c" 1
  49  0003              	IF (20000==9)  AND ( __PBP__ > 2 )
  49  0003              ;# 49 "C:\Users\sin13\Documents\IoT_Learning_Journal\Learning-Portfolio\05_Micro-controller\U1 STD\ThreeDidits7.c" 1
  49  0003              	NOP
  49  0003              	ENDIF
  49  0003              ;# 49 "C:\Users\sin13\Documents\IoT_Learning_Journal\Learning-Portfolio\05_Micro-controller\U1 STD\ThreeDidits7.c" 1
  49  0003              	IF (20000< ( 8 + __PBP__ * 2)) AND (20000>( 3 + __PBP__ * 2))
  49  0003              ;# 49 "C:\Users\sin13\Documents\IoT_Learning_Journal\Learning-Portfolio\05_Micro-controller\U1 STD\ThreeDidits7.c" 1
  49  0003              	fcall __DELAY3 + ( 7 + __PBP__ * 2) -20000
  49  0003              	ENDIF
  49  0003              ;# 49 "C:\Users\sin13\Documents\IoT_Learning_Journal\Learning-Portfolio\05_Micro-controller\U1 STD\ThreeDidits7.c" 1
  49  0003              	IF (20000< ( 0404h + __PBP__ * 2)) AND (20000>( 7 + __PBP__ * 2))
  49  0003              ;# 49 "C:\Users\sin13\Documents\IoT_Learning_Journal\Learning-Portfolio\05_Micro-controller\U1 STD\ThreeDidits7.c" 1
  49  0003              	MOV A,(20000-( 4 + __PBP__ * 2))/4
  49  0003              ;# 49 "C:\Users\sin13\Documents\IoT_Learning_Journal\Learning-Portfolio\05_Micro-controller\U1 STD\ThreeDidits7.c" 1
  49  0003              	fcall __DELAYX3 + 3 -((20000-( 4 + __PBP__ * 2)) MOD 4) 
  49  0003              	ENDIF
  49  0003              ;# 49 "C:\Users\sin13\Documents\IoT_Learning_Journal\Learning-Portfolio\05_Micro-controller\U1 STD\ThreeDidits7.c" 1
  49  0003              	IF (20000< ( 040bh + __PBP__ * 2)) AND (20000> ( 0403h + __PBP__ * 2))
  49  0003              ;# 49 "C:\Users\sin13\Documents\IoT_Learning_Journal\Learning-Portfolio\05_Micro-controller\U1 STD\ThreeDidits7.c" 1
  49  0003              	MOV A,0 
  49  0003              ;# 49 "C:\Users\sin13\Documents\IoT_Learning_Journal\Learning-Portfolio\05_Micro-controller\U1 STD\ThreeDidits7.c" 1
  49  0003              	fcall __DELAYX6 + ( 040ah + __PBP__ * 2) -20000
  49  0003              	ENDIF
  49  0003              ;# 49 "C:\Users\sin13\Documents\IoT_Learning_Journal\Learning-Portfolio\05_Micro-controller\U1 STD\ThreeDidits7.c" 1
  49  0003              	IF (20000 >= ( 040bh + __PBP__ * 2)) AND ((((20000-( 9 + __PBP__ * 2))%0402h)/4+1)>256)
  49  0003              ;# 49 "C:\Users\sin13\Documents\IoT_Learning_Journal\Learning-Portfolio\05_Micro-controller\U1 STD\ThreeDidits7.c" 1
  49  0003              	MOV A,(20000-( 9 + __PBP__ * 2))/0402h
  49  0003              ;# 49 "C:\Users\sin13\Documents\IoT_Learning_Journal\Learning-Portfolio\05_Micro-controller\U1 STD\ThreeDidits7.c" 1
  49  0003              	MOV _builtin_holtek_delay_2,A
  49  0003              ;# 49 "C:\Users\sin13\Documents\IoT_Learning_Journal\Learning-Portfolio\05_Micro-controller\U1 STD\ThreeDidits7.c" 1
  49  0003              	MOV A,0
  49  0003              ;# 49 "C:\Users\sin13\Documents\IoT_Learning_Journal\Learning-Portfolio\05_Micro-controller\U1 STD\ThreeDidits7.c" 1
  49  0003              	fcall __DELAYY5 +5- (((20000-( 9 + __PBP__ * 2))%0402h)%6) 
  49  0003              	ENDIF
"File: ThreeDidits7.c  Assembler  Version HGASM0202      Page 4

  49  0003              ;# 49 "C:\Users\sin13\Documents\IoT_Learning_Journal\Learning-Portfolio\05_Micro-controller\U1 STD\ThreeDidits7.c" 1
  49  0003              	IF (20000 >= ( 040bh + __PBP__ * 2)) AND ((((20000-( 9 + __PBP__ * 2))%0402h)/4+1)<=256)
  49  0003              ;# 49 "C:\Users\sin13\Documents\IoT_Learning_Journal\Learning-Portfolio\05_Micro-controller\U1 STD\ThreeDidits7.c" 1
  49  0003  0F13        	MOV A,(20000-( 9 + __PBP__ * 2))/0402h
  49  0004              ;# 49 "C:\Users\sin13\Documents\IoT_Learning_Journal\Learning-Portfolio\05_Micro-controller\U1 STD\ThreeDidits7.c" 1
  49  0004  0080     E  	MOV _builtin_holtek_delay_2,A
  49  0005              ;# 49 "C:\Users\sin13\Documents\IoT_Learning_Journal\Learning-Portfolio\05_Micro-controller\U1 STD\ThreeDidits7.c" 1
  49  0005  0F7B        	MOV A,((20000-( 9 + __PBP__ * 2))%0402h)/4+1
  49  0006              ;# 49 "C:\Users\sin13\Documents\IoT_Learning_Journal\Learning-Portfolio\05_Micro-controller\U1 STD\ThreeDidits7.c" 1
  49  0006              	fcall __DELAYY3 +3-(((20000-( 9 + __PBP__ * 2))%0402h)%4) 
  49  000D              	ENDIF
  48  000D              #line 48 "C:\Users\sin13\Documents\IoT_Learning_Journal\Learning-Portfolio\05_Micro-controller\U1 STD\ThreeDidits7.c"
  48  000D  1480     E  	inc ra
  48  000E              _L2:
  48  000E  0700     E  	mov a,ra
  48  000F  0200     R  	sub a,_delay10ms_2[0]
  48  0010  390A        	snz z
  48  0011  2800     R  	jmp _L3
  48  0012  0003        	ret
  48  0013              _delay10ms endp
  48  0013              #line 48 "C:\Users\sin13\Documents\IoT_Learning_Journal\Learning-Portfolio\05_Micro-controller\U1 STD\ThreeDidits7.c"
  48  0013              #pragma debug scope 1 1
  48  0013              public _delay5ms
  48  0013              #pragma debug scope 3 1
  53  0013              #line 53 "C:\Users\sin13\Documents\IoT_Learning_Journal\Learning-Portfolio\05_Micro-controller\U1 STD\ThreeDidits7.c"
  53  0000              _delay5ms .section 'code'
  53  0000              _delay5ms proc
  53  0000  00              local _delay5ms_2 db 1 dup(?)	; 0,1
  53  0000  0080     R  	mov _delay5ms_2[0],a
  53  0001              #pragma debug variable 8 3 _delay5ms_2+0 "delayCount"
  55  0001              #line 55 "C:\Users\sin13\Documents\IoT_Learning_Journal\Learning-Portfolio\05_Micro-controller\U1 STD\ThreeDidits7.c"
  55  0001  1F00     E  	clr ra
  55  0002  2800     R  	jmp _L6
  55  0003              _L7:
  56  0003              #line 56 "C:\Users\sin13\Documents\IoT_Learning_Journal\Learning-Portfolio\05_Micro-controller\U1 STD\ThreeDidits7.c"
  56  0003              ;# 56 "C:\Users\sin13\Documents\IoT_Learning_Journal\Learning-Portfolio\05_Micro-controller\U1 STD\ThreeDidits7.c" 1
  56  0003              	IF 10000>263690
  56  0003              ;# 56 "C:\Users\sin13\Documents\IoT_Learning_Journal\Learning-Portfolio\05_Micro-controller\U1 STD\ThreeDidits7.c" 1
  56  0003              	ERRMESSAGE 'the value 10000of the argument exceeds the maxinum 263690'
  56  0003              	ENDIF
  56  0003              ;# 56 "C:\Users\sin13\Documents\IoT_Learning_Journal\Learning-Portfolio\05_Micro-controller\U1 STD\ThreeDidits7.c" 1
  56  0003              	IF 10000<0
  56  0003              ;# 56 "C:\Users\sin13\Documents\IoT_Learning_Journal\Learning-Portfolio\05_Micro-controller\U1 STD\ThreeDidits7.c" 1
  56  0003              	ERRMESSAGE 'the value 10000 of the argument exceeds the mininum 0'
  56  0003              	ENDIF
  56  0003              ;# 56 "C:\Users\sin13\Documents\IoT_Learning_Journal\Learning-Portfolio\05_Micro-controller\U1 STD\ThreeDidits7.c" 1
  56  0003              	IF 10000==0
  56  0003              ;# 56 "C:\Users\sin13\Documents\IoT_Learning_Journal\Learning-Portfolio\05_Micro-controller\U1 STD\ThreeDidits7.c" 1
  56  0003              	JMP $
  56  0003              	ENDIF
  56  0003              ;# 56 "C:\Users\sin13\Documents\IoT_Learning_Journal\Learning-Portfolio\05_Micro-controller\U1 STD\ThreeDidits7.c" 1
  56  0003              	IF (10000>=1) AND (10000<( 4 + __PBP__ * 2))
  56  0003              ;# 56 "C:\Users\sin13\Documents\IoT_Learning_Journal\Learning-Portfolio\05_Micro-controller\U1 STD\ThreeDidits7.c" 1
  56  0003              	NOP
  56  0003              	ENDIF
  56  0003              ;# 56 "C:\Users\sin13\Documents\IoT_Learning_Journal\Learning-Portfolio\05_Micro-controller\U1 STD\ThreeDidits7.c" 1
  56  0003              	IF (10000>=2) AND (10000<( 4 + __PBP__ * 2))
  56  0003              ;# 56 "C:\Users\sin13\Documents\IoT_Learning_Journal\Learning-Portfolio\05_Micro-controller\U1 STD\ThreeDidits7.c" 1
  56  0003              	NOP
  56  0003              	ENDIF
"File: ThreeDidits7.c  Assembler  Version HGASM0202      Page 5

  56  0003              ;# 56 "C:\Users\sin13\Documents\IoT_Learning_Journal\Learning-Portfolio\05_Micro-controller\U1 STD\ThreeDidits7.c" 1
  56  0003              	IF (10000>=3) AND (10000<( 4 + __PBP__ * 2))
  56  0003              ;# 56 "C:\Users\sin13\Documents\IoT_Learning_Journal\Learning-Portfolio\05_Micro-controller\U1 STD\ThreeDidits7.c" 1
  56  0003              	NOP
  56  0003              	ENDIF
  56  0003              ;# 56 "C:\Users\sin13\Documents\IoT_Learning_Journal\Learning-Portfolio\05_Micro-controller\U1 STD\ThreeDidits7.c" 1
  56  0003              	IF (10000>=4) AND (10000<( 4 + __PBP__ * 2)) AND ( __PBP__ > 0 )
  56  0003              ;# 56 "C:\Users\sin13\Documents\IoT_Learning_Journal\Learning-Portfolio\05_Micro-controller\U1 STD\ThreeDidits7.c" 1
  56  0003              	NOP
  56  0003              	ENDIF
  56  0003              ;# 56 "C:\Users\sin13\Documents\IoT_Learning_Journal\Learning-Portfolio\05_Micro-controller\U1 STD\ThreeDidits7.c" 1
  56  0003              	IF (10000>=5) AND (10000<( 4 + __PBP__ * 2)) AND ( __PBP__ > 0 )
  56  0003              ;# 56 "C:\Users\sin13\Documents\IoT_Learning_Journal\Learning-Portfolio\05_Micro-controller\U1 STD\ThreeDidits7.c" 1
  56  0003              	NOP
  56  0003              	ENDIF
  56  0003              ;# 56 "C:\Users\sin13\Documents\IoT_Learning_Journal\Learning-Portfolio\05_Micro-controller\U1 STD\ThreeDidits7.c" 1
  56  0003              	IF (10000>=6) AND (10000<( 4 + __PBP__ * 2))  AND ( __PBP__ > 1 )
  56  0003              ;# 56 "C:\Users\sin13\Documents\IoT_Learning_Journal\Learning-Portfolio\05_Micro-controller\U1 STD\ThreeDidits7.c" 1
  56  0003              	NOP
  56  0003              	ENDIF
  56  0003              ;# 56 "C:\Users\sin13\Documents\IoT_Learning_Journal\Learning-Portfolio\05_Micro-controller\U1 STD\ThreeDidits7.c" 1
  56  0003              	IF (10000>=7) AND (10000<( 4 + __PBP__ * 2))  AND ( __PBP__ > 1 )
  56  0003              ;# 56 "C:\Users\sin13\Documents\IoT_Learning_Journal\Learning-Portfolio\05_Micro-controller\U1 STD\ThreeDidits7.c" 1
  56  0003              	NOP
  56  0003              	ENDIF
  56  0003              ;# 56 "C:\Users\sin13\Documents\IoT_Learning_Journal\Learning-Portfolio\05_Micro-controller\U1 STD\ThreeDidits7.c" 1
  56  0003              	IF (10000>=8) AND (10000<( 4 + __PBP__ * 2))  AND ( __PBP__ > 2 )
  56  0003              ;# 56 "C:\Users\sin13\Documents\IoT_Learning_Journal\Learning-Portfolio\05_Micro-controller\U1 STD\ThreeDidits7.c" 1
  56  0003              	NOP
  56  0003              	ENDIF
  56  0003              ;# 56 "C:\Users\sin13\Documents\IoT_Learning_Journal\Learning-Portfolio\05_Micro-controller\U1 STD\ThreeDidits7.c" 1
  56  0003              	IF (10000==9)  AND ( __PBP__ > 2 )
  56  0003              ;# 56 "C:\Users\sin13\Documents\IoT_Learning_Journal\Learning-Portfolio\05_Micro-controller\U1 STD\ThreeDidits7.c" 1
  56  0003              	NOP
  56  0003              	ENDIF
  56  0003              ;# 56 "C:\Users\sin13\Documents\IoT_Learning_Journal\Learning-Portfolio\05_Micro-controller\U1 STD\ThreeDidits7.c" 1
  56  0003              	IF (10000< ( 8 + __PBP__ * 2)) AND (10000>( 3 + __PBP__ * 2))
  56  0003              ;# 56 "C:\Users\sin13\Documents\IoT_Learning_Journal\Learning-Portfolio\05_Micro-controller\U1 STD\ThreeDidits7.c" 1
  56  0003              	fcall __DELAY3 + ( 7 + __PBP__ * 2) -10000
  56  0003              	ENDIF
  56  0003              ;# 56 "C:\Users\sin13\Documents\IoT_Learning_Journal\Learning-Portfolio\05_Micro-controller\U1 STD\ThreeDidits7.c" 1
  56  0003              	IF (10000< ( 0404h + __PBP__ * 2)) AND (10000>( 7 + __PBP__ * 2))
  56  0003              ;# 56 "C:\Users\sin13\Documents\IoT_Learning_Journal\Learning-Portfolio\05_Micro-controller\U1 STD\ThreeDidits7.c" 1
  56  0003              	MOV A,(10000-( 4 + __PBP__ * 2))/4
  56  0003              ;# 56 "C:\Users\sin13\Documents\IoT_Learning_Journal\Learning-Portfolio\05_Micro-controller\U1 STD\ThreeDidits7.c" 1
  56  0003              	fcall __DELAYX3 + 3 -((10000-( 4 + __PBP__ * 2)) MOD 4) 
  56  0003              	ENDIF
  56  0003              ;# 56 "C:\Users\sin13\Documents\IoT_Learning_Journal\Learning-Portfolio\05_Micro-controller\U1 STD\ThreeDidits7.c" 1
  56  0003              	IF (10000< ( 040bh + __PBP__ * 2)) AND (10000> ( 0403h + __PBP__ * 2))
  56  0003              ;# 56 "C:\Users\sin13\Documents\IoT_Learning_Journal\Learning-Portfolio\05_Micro-controller\U1 STD\ThreeDidits7.c" 1
  56  0003              	MOV A,0 
  56  0003              ;# 56 "C:\Users\sin13\Documents\IoT_Learning_Journal\Learning-Portfolio\05_Micro-controller\U1 STD\ThreeDidits7.c" 1
  56  0003              	fcall __DELAYX6 + ( 040ah + __PBP__ * 2) -10000
  56  0003              	ENDIF
  56  0003              ;# 56 "C:\Users\sin13\Documents\IoT_Learning_Journal\Learning-Portfolio\05_Micro-controller\U1 STD\ThreeDidits7.c" 1
  56  0003              	IF (10000 >= ( 040bh + __PBP__ * 2)) AND ((((10000-( 9 + __PBP__ * 2))%0402h)/4+1)>256)
  56  0003              ;# 56 "C:\Users\sin13\Documents\IoT_Learning_Journal\Learning-Portfolio\05_Micro-controller\U1 STD\ThreeDidits7.c" 1
  56  0003              	MOV A,(10000-( 9 + __PBP__ * 2))/0402h
  56  0003              ;# 56 "C:\Users\sin13\Documents\IoT_Learning_Journal\Learning-Portfolio\05_Micro-controller\U1 STD\ThreeDidits7.c" 1
  56  0003              	MOV _builtin_holtek_delay_2,A
"File: ThreeDidits7.c  Assembler  Version HGASM0202      Page 6

  56  0003              ;# 56 "C:\Users\sin13\Documents\IoT_Learning_Journal\Learning-Portfolio\05_Micro-controller\U1 STD\ThreeDidits7.c" 1
  56  0003              	MOV A,0
  56  0003              ;# 56 "C:\Users\sin13\Documents\IoT_Learning_Journal\Learning-Portfolio\05_Micro-controller\U1 STD\ThreeDidits7.c" 1
  56  0003              	fcall __DELAYY5 +5- (((10000-( 9 + __PBP__ * 2))%0402h)%6) 
  56  0003              	ENDIF
  56  0003              ;# 56 "C:\Users\sin13\Documents\IoT_Learning_Journal\Learning-Portfolio\05_Micro-controller\U1 STD\ThreeDidits7.c" 1
  56  0003              	IF (10000 >= ( 040bh + __PBP__ * 2)) AND ((((10000-( 9 + __PBP__ * 2))%0402h)/4+1)<=256)
  56  0003              ;# 56 "C:\Users\sin13\Documents\IoT_Learning_Journal\Learning-Portfolio\05_Micro-controller\U1 STD\ThreeDidits7.c" 1
  56  0003  0F09        	MOV A,(10000-( 9 + __PBP__ * 2))/0402h
  56  0004              ;# 56 "C:\Users\sin13\Documents\IoT_Learning_Journal\Learning-Portfolio\05_Micro-controller\U1 STD\ThreeDidits7.c" 1
  56  0004  0080     E  	MOV _builtin_holtek_delay_2,A
  56  0005              ;# 56 "C:\Users\sin13\Documents\IoT_Learning_Journal\Learning-Portfolio\05_Micro-controller\U1 STD\ThreeDidits7.c" 1
  56  0005  0FBC        	MOV A,((10000-( 9 + __PBP__ * 2))%0402h)/4+1
  56  0006              ;# 56 "C:\Users\sin13\Documents\IoT_Learning_Journal\Learning-Portfolio\05_Micro-controller\U1 STD\ThreeDidits7.c" 1
  56  0006              	fcall __DELAYY3 +3-(((10000-( 9 + __PBP__ * 2))%0402h)%4) 
  56  000D              	ENDIF
  55  000D              #line 55 "C:\Users\sin13\Documents\IoT_Learning_Journal\Learning-Portfolio\05_Micro-controller\U1 STD\ThreeDidits7.c"
  55  000D  1480     E  	inc ra
  55  000E              _L6:
  55  000E  0700     E  	mov a,ra
  55  000F  0200     R  	sub a,_delay5ms_2[0]
  55  0010  390A        	snz z
  55  0011  2800     R  	jmp _L7
  55  0012  0003        	ret
  55  0013              _delay5ms endp
  55  0013              #line 55 "C:\Users\sin13\Documents\IoT_Learning_Journal\Learning-Portfolio\05_Micro-controller\U1 STD\ThreeDidits7.c"
  55  0013              #pragma debug scope 1 1
  55  0013              ___wdtc equ [62]
  55  0013              ___pgc equ [40]
  55  0013              ___pec equ [34]
  55  0013              public _InitSystem
  55  0013              #pragma debug scope 4 1
  88  0013              #line 88 "C:\Users\sin13\Documents\IoT_Learning_Journal\Learning-Portfolio\05_Micro-controller\U1 STD\ThreeDidits7.c"
  88  0000              _InitSystem .section 'code'
  88  0000              _InitSystem proc
  89  0000              #line 89 "C:\Users\sin13\Documents\IoT_Learning_Journal\Learning-Portfolio\05_Micro-controller\U1 STD\ThreeDidits7.c"
  89  0000  0FAB        	mov a,171
  89  0001  00BE        	mov [62],a
  90  0002              #line 90 "C:\Users\sin13\Documents\IoT_Learning_Journal\Learning-Portfolio\05_Micro-controller\U1 STD\ThreeDidits7.c"
  90  0002  1F28        	clr [40]
  91  0003              #line 91 "C:\Users\sin13\Documents\IoT_Learning_Journal\Learning-Portfolio\05_Micro-controller\U1 STD\ThreeDidits7.c"
  91  0003  1F22        	clr [34]
  91  0004  0003        	ret
  91  0005              _InitSystem endp
  91  0005              #line 91 "C:\Users\sin13\Documents\IoT_Learning_Journal\Learning-Portfolio\05_Micro-controller\U1 STD\ThreeDidits7.c"
  91  0005              #pragma debug scope 1 1
  91  0005              public _UpdateDigits
  91  0005              #pragma debug scope 5 1
  95  0005              #line 95 "C:\Users\sin13\Documents\IoT_Learning_Journal\Learning-Portfolio\05_Micro-controller\U1 STD\ThreeDidits7.c"
  95  0000              _UpdateDigits .section 'code'
  95  0000              _UpdateDigits proc
  95  0000              public _UpdateDigits_2
  95  0000  0002[           local _UpdateDigits_2 db 2 dup(?)	; 2,0
            00
            ]
  95  0002              #pragma debug variable 11 5 _UpdateDigits_2+0 "Number"
  96  0002              #line 96 "C:\Users\sin13\Documents\IoT_Learning_Journal\Learning-Portfolio\05_Micro-controller\U1 STD\ThreeDidits7.c"
  96  0000  0700     R  	mov a,_UpdateDigits_2[0]
  96  0001  0080     E  	mov rb,a
  96  0002  0700     R  	mov a,_UpdateDigits_2[1]
"File: ThreeDidits7.c  Assembler  Version HGASM0202      Page 7

  96  0003  0080     E  	mov rc,a
  96  0004  0700     E  	mov a,rb
  96  0005  0080     E  	mov _builtin_holtek_udivmodhi4_2[0],a
  96  0006  0700     E  	mov a,rc
  96  0007  0080     E  	mov _builtin_holtek_udivmodhi4_2[1],a
  96  0008  0F0A        	mov a,10
  96  0009  0080     E  	mov _builtin_holtek_udivmodhi4_2[2],a
  96  000A  0F00        	mov a,0
  96  000B  0080     E  	mov _builtin_holtek_udivmodhi4_2[3],a
  96  000C              	fcall _builtin_holtek_divmodhi4
  96  0013  0700     E  	mov a,_builtin_holtek_udivmodhi4_2[4]
  96  0014  0080     E  	mov rd,a
  96  0015  0700     E  	mov a,_builtin_holtek_udivmodhi4_2[5]
  96  0016  0080     E  	mov re,a
  96  0017  0700     E  	mov a,rd
  96  0018  0080     R  	mov _CurrentDigits[0],a
  97  0019              #line 97 "C:\Users\sin13\Documents\IoT_Learning_Journal\Learning-Portfolio\05_Micro-controller\U1 STD\ThreeDidits7.c"
  97  0019  0700     E  	mov a,rb
  97  001A  0080     E  	mov _builtin_holtek_udivmodhi4_2[0],a
  97  001B  0700     E  	mov a,rc
  97  001C  0080     E  	mov _builtin_holtek_udivmodhi4_2[1],a
  97  001D  0F0A        	mov a,10
  97  001E  0080     E  	mov _builtin_holtek_udivmodhi4_2[2],a
  97  001F  0F00        	mov a,0
  97  0020  0080     E  	mov _builtin_holtek_udivmodhi4_2[3],a
  97  0021              	fcall _builtin_holtek_divmodhi4
  97  0028  0700     E  	mov a,_builtin_holtek_udivmodhi4_2[0]
  97  0029  0080     E  	mov rd,a
  97  002A  0700     E  	mov a,_builtin_holtek_udivmodhi4_2[1]
  97  002B  0080     E  	mov re,a
  97  002C  0700     E  	mov a,rd
  97  002D  0080     E  	mov _builtin_holtek_udivmodhi4_2[0],a
  97  002E  0700     E  	mov a,re
  97  002F  0080     E  	mov _builtin_holtek_udivmodhi4_2[1],a
  97  0030  0F0A        	mov a,10
  97  0031  0080     E  	mov _builtin_holtek_udivmodhi4_2[2],a
  97  0032  0F00        	mov a,0
  97  0033  0080     E  	mov _builtin_holtek_udivmodhi4_2[3],a
  97  0034              	fcall _builtin_holtek_divmodhi4
  97  003B  0700     E  	mov a,_builtin_holtek_udivmodhi4_2[4]
  97  003C  0080     E  	mov rd,a
  97  003D  0700     E  	mov a,_builtin_holtek_udivmodhi4_2[5]
  97  003E  0080     E  	mov re,a
  97  003F  0700     E  	mov a,rd
  97  0040  0080     R  	mov _CurrentDigits[1],a
  98  0041              #line 98 "C:\Users\sin13\Documents\IoT_Learning_Journal\Learning-Portfolio\05_Micro-controller\U1 STD\ThreeDidits7.c"
  98  0041  0700     E  	mov a,rb
  98  0042  0080     E  	mov _builtin_holtek_udivmodhi4_2[0],a
  98  0043  0700     E  	mov a,rc
  98  0044  0080     E  	mov _builtin_holtek_udivmodhi4_2[1],a
  98  0045  0F64        	mov a,100
  98  0046  0080     E  	mov _builtin_holtek_udivmodhi4_2[2],a
  98  0047  0F00        	mov a,0
  98  0048  0080     E  	mov _builtin_holtek_udivmodhi4_2[3],a
  98  0049              	fcall _builtin_holtek_divmodhi4
  98  0050  0700     E  	mov a,_builtin_holtek_udivmodhi4_2[0]
  98  0051  0080     E  	mov rd,a
  98  0052  0700     E  	mov a,_builtin_holtek_udivmodhi4_2[1]
  98  0053  0080     E  	mov re,a
  98  0054  0700     E  	mov a,rd
"File: ThreeDidits7.c  Assembler  Version HGASM0202      Page 8

  98  0055  0080     E  	mov _builtin_holtek_udivmodhi4_2[0],a
  98  0056  0700     E  	mov a,re
  98  0057  0080     E  	mov _builtin_holtek_udivmodhi4_2[1],a
  98  0058  0F0A        	mov a,10
  98  0059  0080     E  	mov _builtin_holtek_udivmodhi4_2[2],a
  98  005A  0F00        	mov a,0
  98  005B  0080     E  	mov _builtin_holtek_udivmodhi4_2[3],a
  98  005C              	fcall _builtin_holtek_divmodhi4
  98  0063  0700     E  	mov a,_builtin_holtek_udivmodhi4_2[4]
  98  0064  0080     E  	mov rd,a
  98  0065  0700     E  	mov a,_builtin_holtek_udivmodhi4_2[5]
  98  0066  0080     E  	mov re,a
  98  0067  0700     E  	mov a,rd
  98  0068  0080     R  	mov _CurrentDigits[2],a
  99  0069              #line 99 "C:\Users\sin13\Documents\IoT_Learning_Journal\Learning-Portfolio\05_Micro-controller\U1 STD\ThreeDidits7.c"
  99  0069  0700     E  	mov a,rb
  99  006A  0080     E  	mov _builtin_holtek_udivmodhi4_2[0],a
  99  006B  0700     E  	mov a,rc
  99  006C  0080     E  	mov _builtin_holtek_udivmodhi4_2[1],a
  99  006D  0FE8        	mov a,232
  99  006E  0080     E  	mov _builtin_holtek_udivmodhi4_2[2],a
  99  006F  0F03        	mov a,3
  99  0070  0080     E  	mov _builtin_holtek_udivmodhi4_2[3],a
  99  0071              	fcall _builtin_holtek_divmodhi4
  99  0078  0700     E  	mov a,_builtin_holtek_udivmodhi4_2[0]
  99  0079  0080     E  	mov rb,a
  99  007A  0700     E  	mov a,_builtin_holtek_udivmodhi4_2[1]
  99  007B  0080     E  	mov rc,a
  99  007C  0700     E  	mov a,rb
  99  007D  0080     E  	mov _builtin_holtek_udivmodhi4_2[0],a
  99  007E  0700     E  	mov a,rc
  99  007F  0080     E  	mov _builtin_holtek_udivmodhi4_2[1],a
  99  0080  0F0A        	mov a,10
  99  0081  0080     E  	mov _builtin_holtek_udivmodhi4_2[2],a
  99  0082  0F00        	mov a,0
  99  0083  0080     E  	mov _builtin_holtek_udivmodhi4_2[3],a
  99  0084              	fcall _builtin_holtek_divmodhi4
  99  008B  0700     E  	mov a,_builtin_holtek_udivmodhi4_2[4]
  99  008C  0080     E  	mov rb,a
  99  008D  0700     E  	mov a,_builtin_holtek_udivmodhi4_2[5]
  99  008E  0080     E  	mov rc,a
  99  008F  0700     E  	mov a,rb
  99  0090  0080     R  	mov _CurrentDigits[3],a
  99  0091  0003        	ret
  99  0092              _UpdateDigits endp
  99  0092              #line 99 "C:\Users\sin13\Documents\IoT_Learning_Journal\Learning-Portfolio\05_Micro-controller\U1 STD\ThreeDidits7.c"
  99  0092              #pragma debug scope 1 1
  99  0092              ___pe equ [33]
  99  0092              ___pg equ [39]
  99  0092              public _Polling
  99  0092              #pragma debug scope 6 1
  60  0092              #line 60 "C:\Users\sin13\Documents\IoT_Learning_Journal\Learning-Portfolio\05_Micro-controller\U1 STD\ThreeDidits7.c"
  60  0000              _Polling .section 'code'
  60  0000              _Polling proc
  60  0000              public _Polling_2
  60  0000  0004[           local _Polling_2 db 4 dup(?)	; 2,2
            00
            ]
  60  0000  0080     R  	mov _Polling_2[2],a
  60  0001              #pragma debug variable 8 6 _Polling_2+2 "period"
"File: ThreeDidits7.c  Assembler  Version HGASM0202      Page 9

  60  0001              #pragma debug variable 11 6 _Polling_2+0 "Counter"
  60  0001              #pragma debug variable 8 6 _Polling_2+3 "timeout"
  65  0001              #line 65 "C:\Users\sin13\Documents\IoT_Learning_Journal\Learning-Portfolio\05_Micro-controller\U1 STD\ThreeDidits7.c"
  65  0001  0700     R  	mov a,_Polling_2[0]
  65  0002  0080     R  	mov _UpdateDigits_2[0],a
  65  0003  0700     R  	mov a,_Polling_2[1]
  65  0004  0080     R  	mov _UpdateDigits_2[1],a
  65  0005              	fcall _UpdateDigits
  62  000C              #line 62 "C:\Users\sin13\Documents\IoT_Learning_Journal\Learning-Portfolio\05_Micro-controller\U1 STD\ThreeDidits7.c"
  62  000C  1F00     R  	clr _Polling_2[3]
  67  000D              #line 67 "C:\Users\sin13\Documents\IoT_Learning_Journal\Learning-Portfolio\05_Micro-controller\U1 STD\ThreeDidits7.c"
  67  000D  2800     R  	jmp _L11
  67  000E              _L12:
  70  000E              #line 70 "C:\Users\sin13\Documents\IoT_Learning_Journal\Learning-Portfolio\05_Micro-controller\U1 STD\ThreeDidits7.c"
  70  000E  0FF0        	mov a,240
  70  000F  06A1        	andm a,[33]
  72  0010              #line 72 "C:\Users\sin13\Documents\IoT_Learning_Journal\Learning-Portfolio\05_Micro-controller\U1 STD\ThreeDidits7.c"
  72  0010  0700     R  	mov a,___DigiIndex_3022[0]
  72  0011  0080     E  	mov rb,a
  72  0012  1F00     E  	clr rc
  72  0013  0F00     R  	mov a,low offset _CurrentDigits
  72  0014  0300     E  	add a,rb
  72  0015  0083        	mov mp,a
  72  0016  0F00     R  	mov a,high offset _CurrentDigits
  72  0017  1300     E  	adc a,rc
  72  0018  0084        	mov sbp,a
  72  0019              	fcall _Crom2Prom
  72  0020  0080     E  	mov ra,a
  72  0021  0F00     R  	mov a,low offset _SEG_PATTERN
  72  0022  0300     E  	add a,ra
  72  0023  0083        	mov mp,a
  72  0024  0F00     R  	mov a,high offset _SEG_PATTERN
  72  0025  1F04        	clr sbp
  72  0026  1384        	adcm a,sbp
  72  0027              	fcall _Crom2Prom
  72  002E  00A7        	mov [39],a
  74  002F              #line 74 "C:\Users\sin13\Documents\IoT_Learning_Journal\Learning-Portfolio\05_Micro-controller\U1 STD\ThreeDidits7.c"
  74  002F  0F01        	mov a,1
  74  0030  0080     E  	mov rd,a
  74  0031  1F00     E  	clr re
  74  0032  1400     E  	inca rb
  74  0033  2800     R  	jmp _LI1
  74  0034              _LI2:
  74  0034  340A        	clr c
  74  0035  1A80     E  	rlc rd
  74  0036  1A80     E  	rlc re
  74  0037              _LI1:
  74  0037  1785        	sdz acc
  74  0038  2800     R  	jmp _LI2
  74  0039  0700     E  	mov a,rd
  74  003A  05A1        	orm a,[33]
  76  003B              #line 76 "C:\Users\sin13\Documents\IoT_Learning_Journal\Learning-Portfolio\05_Micro-controller\U1 STD\ThreeDidits7.c"
  76  003B  1480     E  	inc rb
  76  003C  3D0A        	sz z
  76  003D  1480     E  	inc rc
  76  003E  0700     E  	mov a,rb
  76  003F  0E03        	and a,3
  76  0040  0080     R  	mov ___DigiIndex_3022[0],a
  78  0041              #line 78 "C:\Users\sin13\Documents\IoT_Learning_Journal\Learning-Portfolio\05_Micro-controller\U1 STD\ThreeDidits7.c"
  78  0041  0F01        	mov a,1
"File: ThreeDidits7.c  Assembler  Version HGASM0202      Page 10

  78  0042              	fcall _delay5ms
  80  0049              #line 80 "C:\Users\sin13\Documents\IoT_Learning_Journal\Learning-Portfolio\05_Micro-controller\U1 STD\ThreeDidits7.c"
  80  0049  1480     R  	inc _Polling_2[3]
  80  004A              _L11:
  67  004A              #line 67 "C:\Users\sin13\Documents\IoT_Learning_Journal\Learning-Portfolio\05_Micro-controller\U1 STD\ThreeDidits7.c"
  67  004A  0700     R  	mov a,_Polling_2[3]
  67  004B  0200     R  	sub a,_Polling_2[2]
  67  004C  390A        	snz z
  67  004D  2800     R  	jmp _L12
  67  004E  0003        	ret
  67  004F              _Polling endp
  67  004F              #line 67 "C:\Users\sin13\Documents\IoT_Learning_Journal\Learning-Portfolio\05_Micro-controller\U1 STD\ThreeDidits7.c"
  67  004F              #pragma debug scope 1 1
  67  004F              public _main
  67  004F              #pragma debug scope 7 1
  28  004F              #line 28 "C:\Users\sin13\Documents\IoT_Learning_Journal\Learning-Portfolio\05_Micro-controller\U1 STD\ThreeDidits7.c"
  28  004F              IFDEF WITH_DEFAULT_STARTUP
  28  004F              extern _main_initial0:near
  28  004F              extern _main_startup:near
  28  004F              ENDIF
  28  004F              
  28  004F              ROMBANK 0 @start
  28  0000              @start .section com_l 'code'
  28  0000              _main_startup1:
  28  0000              @start .section com_e 'code'
  28  0000  0F00     R  	mov a,bank _main
  28  0001  008B        	mov bp,a
  28  0002  2800     R  	jmp _main
  28  0003              
  28  0000              _main .section 'code'
  28  0000              _main proc
  28  0000  0002[           local _main_2 db 2 dup(?)
            00
            ]
  28  0002              #pragma debug variable 11 7 _main_2+0 "Counter"
  32  0002              #line 32 "C:\Users\sin13\Documents\IoT_Learning_Journal\Learning-Portfolio\05_Micro-controller\U1 STD\ThreeDidits7.c"
  32  0000              	fcall _InitSystem
  32  0007              _L17:
  40  0007              #line 40 "C:\Users\sin13\Documents\IoT_Learning_Journal\Learning-Portfolio\05_Micro-controller\U1 STD\ThreeDidits7.c"
  40  0007  0F0F        	mov a,15
  40  0008  0080     R  	mov _main_2[0],a
  40  0009  0F27        	mov a,39
  40  000A  0080     R  	mov _main_2[1],a
  40  000B              _L14:
  36  000B              #line 36 "C:\Users\sin13\Documents\IoT_Learning_Journal\Learning-Portfolio\05_Micro-controller\U1 STD\ThreeDidits7.c"
  36  000B  0700     R  	mov a,_main_2[0]
  36  000C  0080     R  	mov _Polling_2[0],a
  36  000D  0700     R  	mov a,_main_2[1]
  36  000E  0080     R  	mov _Polling_2[1],a
  36  000F  0FC8        	mov a,200
  36  0010              	fcall _Polling
  38  0017              #line 38 "C:\Users\sin13\Documents\IoT_Learning_Journal\Learning-Portfolio\05_Micro-controller\U1 STD\ThreeDidits7.c"
  38  0017  0FFF        	mov a,255
  38  0018  0380     R  	addm a,_main_2[0]
  38  0019  0FFF        	mov a,255
  38  001A  1380     R  	adcm a,_main_2[1]
  40  001B              #line 40 "C:\Users\sin13\Documents\IoT_Learning_Journal\Learning-Portfolio\05_Micro-controller\U1 STD\ThreeDidits7.c"
  40  001B  3800     R  	snz _main_2[1].7
  40  001C  2800     R  	jmp _L14
  40  001D  2800     R  	jmp _L17
"File: ThreeDidits7.c  Assembler  Version HGASM0202      Page 11

  40  001E  2800     R  	jmp $
  40  001F              _main endp
  40  001F              
  40  001F              @dummy endp
  40  001F              
  40  001F              #line 40 "C:\Users\sin13\Documents\IoT_Learning_Journal\Learning-Portfolio\05_Micro-controller\U1 STD\ThreeDidits7.c"
  40  001F              #pragma debug scope 1 1
  40  0000              @HCCINIT	.section 'data'
  63  0000              #line 63 "C:\Users\sin13\Documents\IoT_Learning_Journal\Learning-Portfolio\05_Micro-controller\U1 STD\ThreeDidits7.c"
  63  0000              @HCCINIT___DigiIndex_3022 .section 'data'
  63  0000              ___DigiIndex_3022 label byte
  63  0000              #pragma debug variable 8 1 ___DigiIndex_3022 "__DigiIndex_3022"
  63  0000              	db 0
  63  0000              @ROMDATA_BASE .section inpage 'code'
  63  0000              	db 0
  63  0001              @HCCINIT___DigiIndex_3022 .section 'data'
  26  0001              #line 26 "C:\Users\sin13\Documents\IoT_Learning_Journal\Learning-Portfolio\05_Micro-controller\U1 STD\ThreeDidits7.c"
  26  0001              public _CurrentDigits
  26  0000              @HCCINIT0_CurrentDigits .section 'data'
  26  0000  0004[       _CurrentDigits	db 4 dup(0)
            00
            ]
  26  0004              #pragma debug array 42 8 4 1
  26  0004              #pragma debug array 42 8 4 1
  26  0004              #pragma debug variable 42 1 _CurrentDigits "CurrentDigits"
  26  0004              
  26  0000              @HCCINIT .section 'data'
  26  0000              public _SEG_PATTERN
  26  0000              @crom	.section 'crom'
  24  0000              #line 24 "C:\Users\sin13\Documents\IoT_Learning_Journal\Learning-Portfolio\05_Micro-controller\U1 STD\ThreeDidits7.c"
  24  0000              @crom	.section	'crom'
  24  0000              _SEG_PATTERN:
  24  0000              #pragma debug array 43 8 10 1
  24  0000              #pragma debug array 43 8 10 1
  24  0000              #pragma debug variable 43 1 _SEG_PATTERN "SEG_PATTERN"
  24  0000              	db 63
  24  0001              	db 6
  24  0001              	db 91
  24  0002              	db 79
  24  0002              	db 102
  24  0003              	db 109
  24  0003              	db 125
  24  0004              	db 7
  24  0004              	db 127
  24  0005              	db 103
  24  0005              #pragma debug struct_end
  24  0005              #pragma debug struct_end
  24  0005              #pragma debug union_end
  24  0005              #pragma debug union_end
  24  0005              #pragma debug variable 45 1 ___pe "__pe" 1
  24  0005              #pragma debug struct_end
  24  0005              #pragma debug struct_end
  24  0005              #pragma debug union_end
  24  0005              #pragma debug union_end
  24  0005              #pragma debug variable 47 1 ___pec "__pec" 1
  24  0005              #pragma debug struct_end
  24  0005              #pragma debug struct_end
  24  0005              #pragma debug union_end
  24  0005              #pragma debug union_end
  24  0005              #pragma debug variable 49 1 ___pg "__pg" 1
"File: ThreeDidits7.c  Assembler  Version HGASM0202      Page 12

  24  0005              #pragma debug struct_end
  24  0005              #pragma debug struct_end
  24  0005              #pragma debug union_end
  24  0005              #pragma debug union_end
  24  0005              #pragma debug variable 51 1 ___pgc "__pgc" 1
  24  0005              #pragma debug struct_end
  24  0005              #pragma debug struct_end
  24  0005              #pragma debug union_end
  24  0005              #pragma debug union_end
  24  0005              #pragma debug variable 53 1 ___wdtc "__wdtc" 1
  24  0001              @HCCINIT___DigiIndex_3022 .section 'data'
  24  0001              #pragma debug variable 8 6 ___DigiIndex_3022 "DigiIndex"
  28  0001              #line 28 "C:\Users\sin13\Documents\IoT_Learning_Journal\Learning-Portfolio\05_Micro-controller\U1 STD\ThreeDidits7.c"
  28  0000              @code .section at 0 'code'
  28  0000  1F0B        	clr bp
  28  0001  2800     R  	jmp _main_startup1
  28  0002              
  28  0002              extern _builtin_holtek_divmodhi4:near
  28  0002              extern _builtin_holtek_udivmodhi4_2:byte
  28  0002              extern _builtin_holtek_udivmodhi4:near
  28  0002              
  28  0002              ; 
  28  0002              ; Generated by holtek-gcc v3.23, Sun Apr 26 09:17:56 2026
  28  0002              ; Rebuild 1114
  28  0002              ; end of file


        0 Errors, 0