"File: U1_1_2.c      Assembler  Version HGASM0202      Page 1


   1  0000              ; Generated by holtek-gcc v3.23, Thu Apr 23 15:34:38 2026
   2  0000              ; 
   3  0000              ; Configuration:
   4  0000              ;       with long instruction
   5  0000              ;       Multi-ROM, Multi-RAM
   6  0000              ;       bits_per_rom_unit:16
   7  0000              ;       with mp1
   8  0000              ;       with tbhp, address(0x9)
   9  0000              ;          Use tabrd-const
  10  0000              ;       
  11  0000              ; SFR address of long-instruction arch:
  12  0000              ;    mp0 = -1,1,0
  13  0000              ;    mp1 = 4,3,2
  14  0000              ;    mp2 = 14,13,12
  15  0000              ;    tbp = 9,7,8
  16  0000              ;    acc = 5
  17  0000              ;    pcl = 6
  18  0000              ;    status = 10
  19  0000              ;    bp = 11
  20  0000              ;    intc = 16
  21  0000              ;       
  22  0000              ;       
  23  0000              ; use 'tabrdc' instead of 'tabrd'
  24  0000              ;       
  25  0000              
  26  0000              #pragma translator "holtek-gcc 4.6.4" "3.23" "build 20130711"
  27  0000              ; Rebuild 1114
  28  0000              
  29  0000              ir equ [2]
  30  0000              mp equ [3]
  31  0000              sbp equ [4]
  32  0000              acc equ [5]
  33  0000              bp equ [11]
  34  0000              tblp equ [7]
  35  0000              tbhp equ [9]
  36  0000              status equ [10]
  37  0000              c equ [10].0
  38  0000              ac equ [10].1
  39  0000              z equ [10].2
  40  0000              ov equ [10].3
  41  0000              cz equ [10].6
  42  0000              sc equ [10].7
  43  0000              intc equ [16]
  44  0000              mduwr0 equ [59h]
  45  0000              mduwr1 equ [5ah]
  46  0000              mduwr2 equ [5bh]
  47  0000              mduwr3 equ [5ch]
  48  0000              mduwr4 equ [5dh]
  49  0000              mduwr5 equ [5eh]
  50  0000              mduwrctrl equ [5fh]
  51  0000              
  52  0000              extern ra:byte
  53  0000              extern rb:byte
  54  0000              extern rc:byte
  55  0000              extern rd:byte
  56  0000              extern re:byte
  57  0000              extern rf:byte
  58  0000              extern rg:byte
  59  0000              extern rh:byte
"File: U1_1_2.ASM    Assembler  Version HGASM0202      Page 2

  60  0000              extern _Crom2Prom:near
  61  0000              extern _Crom2PromNext:near
  62  0000              
  63  0000              RAMBANK 0 @BITDATASEC, @BITDATASEC1
  64  0000              @HCCINIT	.section 'data'
  65  0000              @HCCINIT0	.section 'data'
  66  0000              @BITDATASEC	 .section 'data'
  67  0000              @BITDATASEC1	 .section 'data'
  68  0000              
  69  0000              #pragma debug scope 1 1
  70  0000              	extern __DELAY3:near
  71  0000              	extern __DELAYX3:near
  72  0000              	extern __DELAYX6:near
  73  0000              	extern __DELAYY5:near
  74  0000              	extern __DELAYY3:near
  75  0000              	extern _builtin_holtek_delay_2:byte
  76  0000              public _Delayms
  77  0000              #pragma debug scope 2 1

  24  0000              #line 24 "C:\Users\User\Documents\HTK_Project\U1 STD\U1_1_2.c"
  24  0000              _Delayms .section 'code'
  24  0000              _Delayms proc
  24  0000              public _Delayms_2
  24  0000  0002[           local _Delayms_2 db 2 dup(?)	; 2,0
            00
            ]
  24  0002              #pragma debug variable 10 2 _Delayms_2+0 "del"
  25  0002              #line 25 "C:\Users\User\Documents\HTK_Project\U1 STD\U1_1_2.c"
  25  0000  1F00     E  	clr rb
  25  0001  1F00     E  	clr rc
  25  0002  2800     R  	jmp _L2
  25  0003              _L3:
  25  0003              #line 25 "C:\Users\User\Documents\HTK_Project\U1 STD\U1_1_2.c"
  25  0003              ;# 25 "C:\Users\User\Documents\HTK_Project\U1 STD\U1_1_2.c" 1
  25  0003              	IF 2000>263690
  25  0003              ;# 25 "C:\Users\User\Documents\HTK_Project\U1 STD\U1_1_2.c" 1
  25  0003              	ERRMESSAGE 'the value 2000of the argument exceeds the maxinum 263690'
  25  0003              	ENDIF
  25  0003              ;# 25 "C:\Users\User\Documents\HTK_Project\U1 STD\U1_1_2.c" 1
  25  0003              	IF 2000<0
  25  0003              ;# 25 "C:\Users\User\Documents\HTK_Project\U1 STD\U1_1_2.c" 1
  25  0003              	ERRMESSAGE 'the value 2000 of the argument exceeds the mininum 0'
  25  0003              	ENDIF
  25  0003              ;# 25 "C:\Users\User\Documents\HTK_Project\U1 STD\U1_1_2.c" 1
  25  0003              	IF 2000==0
  25  0003              ;# 25 "C:\Users\User\Documents\HTK_Project\U1 STD\U1_1_2.c" 1
  25  0003              	JMP $
  25  0003              	ENDIF
  25  0003              ;# 25 "C:\Users\User\Documents\HTK_Project\U1 STD\U1_1_2.c" 1
  25  0003              	IF (2000>=1) AND (2000<( 4 + __PBP__ * 2))
  25  0003              ;# 25 "C:\Users\User\Documents\HTK_Project\U1 STD\U1_1_2.c" 1
  25  0003              	NOP
  25  0003              	ENDIF
  25  0003              ;# 25 "C:\Users\User\Documents\HTK_Project\U1 STD\U1_1_2.c" 1
  25  0003              	IF (2000>=2) AND (2000<( 4 + __PBP__ * 2))
  25  0003              ;# 25 "C:\Users\User\Documents\HTK_Project\U1 STD\U1_1_2.c" 1
  25  0003              	NOP
  25  0003              	ENDIF
  25  0003              ;# 25 "C:\Users\User\Documents\HTK_Project\U1 STD\U1_1_2.c" 1
  25  0003              	IF (2000>=3) AND (2000<( 4 + __PBP__ * 2))
"File: U1_1_2.c      Assembler  Version HGASM0202      Page 3

  25  0003              ;# 25 "C:\Users\User\Documents\HTK_Project\U1 STD\U1_1_2.c" 1
  25  0003              	NOP
  25  0003              	ENDIF
  25  0003              ;# 25 "C:\Users\User\Documents\HTK_Project\U1 STD\U1_1_2.c" 1
  25  0003              	IF (2000>=4) AND (2000<( 4 + __PBP__ * 2)) AND ( __PBP__ > 0 )
  25  0003              ;# 25 "C:\Users\User\Documents\HTK_Project\U1 STD\U1_1_2.c" 1
  25  0003              	NOP
  25  0003              	ENDIF
  25  0003              ;# 25 "C:\Users\User\Documents\HTK_Project\U1 STD\U1_1_2.c" 1
  25  0003              	IF (2000>=5) AND (2000<( 4 + __PBP__ * 2)) AND ( __PBP__ > 0 )
  25  0003              ;# 25 "C:\Users\User\Documents\HTK_Project\U1 STD\U1_1_2.c" 1
  25  0003              	NOP
  25  0003              	ENDIF
  25  0003              ;# 25 "C:\Users\User\Documents\HTK_Project\U1 STD\U1_1_2.c" 1
  25  0003              	IF (2000>=6) AND (2000<( 4 + __PBP__ * 2))  AND ( __PBP__ > 1 )
  25  0003              ;# 25 "C:\Users\User\Documents\HTK_Project\U1 STD\U1_1_2.c" 1
  25  0003              	NOP
  25  0003              	ENDIF
  25  0003              ;# 25 "C:\Users\User\Documents\HTK_Project\U1 STD\U1_1_2.c" 1
  25  0003              	IF (2000>=7) AND (2000<( 4 + __PBP__ * 2))  AND ( __PBP__ > 1 )
  25  0003              ;# 25 "C:\Users\User\Documents\HTK_Project\U1 STD\U1_1_2.c" 1
  25  0003              	NOP
  25  0003              	ENDIF
  25  0003              ;# 25 "C:\Users\User\Documents\HTK_Project\U1 STD\U1_1_2.c" 1
  25  0003              	IF (2000>=8) AND (2000<( 4 + __PBP__ * 2))  AND ( __PBP__ > 2 )
  25  0003              ;# 25 "C:\Users\User\Documents\HTK_Project\U1 STD\U1_1_2.c" 1
  25  0003              	NOP
  25  0003              	ENDIF
  25  0003              ;# 25 "C:\Users\User\Documents\HTK_Project\U1 STD\U1_1_2.c" 1
  25  0003              	IF (2000==9)  AND ( __PBP__ > 2 )
  25  0003              ;# 25 "C:\Users\User\Documents\HTK_Project\U1 STD\U1_1_2.c" 1
  25  0003              	NOP
  25  0003              	ENDIF
  25  0003              ;# 25 "C:\Users\User\Documents\HTK_Project\U1 STD\U1_1_2.c" 1
  25  0003              	IF (2000< ( 8 + __PBP__ * 2)) AND (2000>( 3 + __PBP__ * 2))
  25  0003              ;# 25 "C:\Users\User\Documents\HTK_Project\U1 STD\U1_1_2.c" 1
  25  0003              	fcall __DELAY3 + ( 7 + __PBP__ * 2) -2000
  25  0003              	ENDIF
  25  0003              ;# 25 "C:\Users\User\Documents\HTK_Project\U1 STD\U1_1_2.c" 1
  25  0003              	IF (2000< ( 0404h + __PBP__ * 2)) AND (2000>( 7 + __PBP__ * 2))
  25  0003              ;# 25 "C:\Users\User\Documents\HTK_Project\U1 STD\U1_1_2.c" 1
  25  0003              	MOV A,(2000-( 4 + __PBP__ * 2))/4
  25  0003              ;# 25 "C:\Users\User\Documents\HTK_Project\U1 STD\U1_1_2.c" 1
  25  0003              	fcall __DELAYX3 + 3 -((2000-( 4 + __PBP__ * 2)) MOD 4) 
  25  0003              	ENDIF
  25  0003              ;# 25 "C:\Users\User\Documents\HTK_Project\U1 STD\U1_1_2.c" 1
  25  0003              	IF (2000< ( 040bh + __PBP__ * 2)) AND (2000> ( 0403h + __PBP__ * 2))
  25  0003              ;# 25 "C:\Users\User\Documents\HTK_Project\U1 STD\U1_1_2.c" 1
  25  0003              	MOV A,0 
  25  0003              ;# 25 "C:\Users\User\Documents\HTK_Project\U1 STD\U1_1_2.c" 1
  25  0003              	fcall __DELAYX6 + ( 040ah + __PBP__ * 2) -2000
  25  0003              	ENDIF
  25  0003              ;# 25 "C:\Users\User\Documents\HTK_Project\U1 STD\U1_1_2.c" 1
  25  0003              	IF (2000 >= ( 040bh + __PBP__ * 2)) AND ((((2000-( 9 + __PBP__ * 2))%0402h)/4+1)>256)
  25  0003              ;# 25 "C:\Users\User\Documents\HTK_Project\U1 STD\U1_1_2.c" 1
  25  0003              	MOV A,(2000-( 9 + __PBP__ * 2))/0402h
  25  0003              ;# 25 "C:\Users\User\Documents\HTK_Project\U1 STD\U1_1_2.c" 1
  25  0003              	MOV _builtin_holtek_delay_2,A
  25  0003              ;# 25 "C:\Users\User\Documents\HTK_Project\U1 STD\U1_1_2.c" 1
  25  0003              	MOV A,0
"File: U1_1_2.c      Assembler  Version HGASM0202      Page 4

  25  0003              ;# 25 "C:\Users\User\Documents\HTK_Project\U1 STD\U1_1_2.c" 1
  25  0003              	fcall __DELAYY5 +5- (((2000-( 9 + __PBP__ * 2))%0402h)%6) 
  25  0003              	ENDIF
  25  0003              ;# 25 "C:\Users\User\Documents\HTK_Project\U1 STD\U1_1_2.c" 1
  25  0003              	IF (2000 >= ( 040bh + __PBP__ * 2)) AND ((((2000-( 9 + __PBP__ * 2))%0402h)/4+1)<=256)
  25  0003              ;# 25 "C:\Users\User\Documents\HTK_Project\U1 STD\U1_1_2.c" 1
  25  0003  0F01        	MOV A,(2000-( 9 + __PBP__ * 2))/0402h
  25  0004              ;# 25 "C:\Users\User\Documents\HTK_Project\U1 STD\U1_1_2.c" 1
  25  0004  0080     E  	MOV _builtin_holtek_delay_2,A
  25  0005              ;# 25 "C:\Users\User\Documents\HTK_Project\U1 STD\U1_1_2.c" 1
  25  0005  0FF0        	MOV A,((2000-( 9 + __PBP__ * 2))%0402h)/4+1
  25  0006              ;# 25 "C:\Users\User\Documents\HTK_Project\U1 STD\U1_1_2.c" 1
  25  0006              	fcall __DELAYY3 +3-(((2000-( 9 + __PBP__ * 2))%0402h)%4) 
  25  000D              	ENDIF
  25  000D  1480     E  	inc rb
  25  000E  3D0A        	sz z
  25  000F  1480     E  	inc rc
  25  0010              _L2:
  25  0010  0700     E  	mov a,rb
  25  0011  0200     R  	sub a,_Delayms_2[0]
  25  0012  0700     E  	mov a,rc
  25  0013  1200     R  	sbc a,_Delayms_2[1]
  25  0014  3B0A        	snz cz
  25  0015  2800     R  	jmp _L3
  25  0016  0003        	ret
  25  0017              _Delayms endp
  25  0017              #line 25 "C:\Users\User\Documents\HTK_Project\U1 STD\U1_1_2.c"
  25  0017              #pragma debug scope 1 1
  25  0017              ___wdtc equ [62]
  25  0017              ___pfc equ [37]
  25  0017              ___pf equ [36]
  25  0017              public _main
  25  0017              #pragma debug scope 3 1
   9  0017              #line 9 "C:\Users\User\Documents\HTK_Project\U1 STD\U1_1_2.c"
   9  0017              IFDEF WITH_DEFAULT_STARTUP
   9  0017              extern _main_initial0:near
   9  0017              extern _main_startup:near
   9  0017              ENDIF
   9  0017              
   9  0017              ROMBANK 0 @start
   9  0000              @start .section com_l 'code'
   9  0000              _main_startup1:
   9  0000              @start .section com_e 'code'
   9  0000  0F00     R  	mov a,bank _main
   9  0001  008B        	mov bp,a
   9  0002  2800     R  	jmp _main
   9  0003              
   9  0000              _main .section 'code'
   9  0000              _main proc
   9  0000  0FAF        	mov a,175
   9  0001  00BE        	mov [62],a
  10  0002              #line 10 "C:\Users\User\Documents\HTK_Project\U1 STD\U1_1_2.c"
  10  0002  1F25        	clr [37]
  11  0003              #line 11 "C:\Users\User\Documents\HTK_Project\U1 STD\U1_1_2.c"
  11  0003  0FFE        	mov a,254
  11  0004  00A4        	mov [36],a
  11  0005              _L6:
  13  0005              #line 13 "C:\Users\User\Documents\HTK_Project\U1 STD\U1_1_2.c"
  13  0005  3BA4        	snz [36].7
  13  0006  2800     R  	jmp _L8
"File: U1_1_2.c      Assembler  Version HGASM0202      Page 5

  14  0007              #line 14 "C:\Users\User\Documents\HTK_Project\U1 STD\U1_1_2.c"
  14  0007  0F64        	mov a,100
  14  0008  0080     R  	mov _Delayms_2[0],a
  14  0009  1F00     R  	clr _Delayms_2[1]
  14  000A              	fcall _Delayms
  15  0011              #line 15 "C:\Users\User\Documents\HTK_Project\U1 STD\U1_1_2.c"
  15  0011              ;# 15 "C:\Users\User\Documents\HTK_Project\U1 STD\U1_1_2.c" 1
  15  0011  18A4        	rl [36]
  15  0012  2800     R  	jmp _L6
  15  0013              _L8:
  17  0013              #line 17 "C:\Users\User\Documents\HTK_Project\U1 STD\U1_1_2.c"
  17  0013  3824        	snz [36].0
  17  0014  2800     R  	jmp _L6
  18  0015              #line 18 "C:\Users\User\Documents\HTK_Project\U1 STD\U1_1_2.c"
  18  0015  0FC8        	mov a,-56
  18  0016  0080     R  	mov _Delayms_2[0],a
  18  0017  1F00     R  	clr _Delayms_2[1]
  18  0018              	fcall _Delayms
  19  001F              #line 19 "C:\Users\User\Documents\HTK_Project\U1 STD\U1_1_2.c"
  19  001F              ;# 19 "C:\Users\User\Documents\HTK_Project\U1 STD\U1_1_2.c" 1
  19  001F  19A4        	rr [36]
  19  0020  2800     R  	jmp _L8
  19  0021  2800     R  	jmp $
  19  0022              _main endp
  19  0022              
  19  0022              @dummy endp
  19  0022              
  19  0022              #line 19 "C:\Users\User\Documents\HTK_Project\U1 STD\U1_1_2.c"
  19  0022              #pragma debug scope 1 1
  19  0022              #pragma debug struct_end
  19  0022              #pragma debug struct_end
  19  0022              #pragma debug union_end
  19  0022              #pragma debug union_end
  19  0022              #pragma debug variable 43 1 ___pf "__pf" 1
  19  0022              #pragma debug struct_end
  19  0022              #pragma debug struct_end
  19  0022              #pragma debug union_end
  19  0022              #pragma debug union_end
  19  0022              #pragma debug variable 45 1 ___pfc "__pfc" 1
  19  0022              #pragma debug struct_end
  19  0022              #pragma debug struct_end
  19  0022              #pragma debug union_end
  19  0022              #pragma debug union_end
  19  0022              #pragma debug variable 47 1 ___wdtc "__wdtc" 1
   9  0022              #line 9 "C:\Users\User\Documents\HTK_Project\U1 STD\U1_1_2.c"
   9  0000              @code .section at 0 'code'
   9  0000  1F0B        	clr bp
   9  0001  2800     R  	jmp _main_startup1
   9  0002              
   9  0002              
   9  0002              ; 
   9  0002              ; Generated by holtek-gcc v3.23, Thu Apr 23 15:34:38 2026
   9  0002              ; Rebuild 1114
   9  0002              ; end of file


        0 Errors, 0